[2026-07-21 17:03:36] ERROR: TypeError: User.getAllass is not a function
    at exports.getAllUsers (E:\DEV\Carpool-node-backend-app\src\controllers\admin\UserManagement.js:5:30)
    at Layer.handleRequest (E:\DEV\Carpool-node-backend-app\node_modules\router\lib\layer.js:152:17)
    at next (E:\DEV\Carpool-node-backend-app\node_modules\router\lib\route.js:157:13)
    at isAdmin (E:\DEV\Carpool-node-backend-app\src\middleware\admin.js:8:5)
    at Layer.handleRequest (E:\DEV\Carpool-node-backend-app\node_modules\router\lib\layer.js:152:17)
    at next (E:\DEV\Carpool-node-backend-app\node_modules\router\lib\route.js:157:13)
    at module.exports (E:\DEV\Carpool-node-backend-app\src\middleware\auth.js:19:9)
    at Layer.handleRequest (E:\DEV\Carpool-node-backend-app\node_modules\router\lib\layer.js:152:17)
    at next (E:\DEV\Carpool-node-backend-app\node_modules\router\lib\route.js:157:13)
    at Route.dispatch (E:\DEV\Carpool-node-backend-app\node_modules\router\lib\route.js:117:3)
[2026-07-21 17:35:26] ERROR: Unauthorized: Vehicle not found or does not belong to you.
[2026-07-21 17:37:06] ERROR: Unauthorized: Vehicle not found or does not belong to you.
[2026-07-21 18:44:35] ERROR: TypeError: Vehicle.findById is not a function
    at exports.updateVehicleStatus (E:\DEV\Carpool-node-backend-app\src\controllers\admin\VeichleController.js:17:35)
    at Layer.handleRequest (E:\DEV\Carpool-node-backend-app\node_modules\router\lib\layer.js:152:17)
    at next (E:\DEV\Carpool-node-backend-app\node_modules\router\lib\route.js:157:13)
    at isAdmin (E:\DEV\Carpool-node-backend-app\src\middleware\admin.js:8:5)
    at Layer.handleRequest (E:\DEV\Carpool-node-backend-app\node_modules\router\lib\layer.js:152:17)
    at next (E:\DEV\Carpool-node-backend-app\node_modules\router\lib\route.js:157:13)
    at module.exports (E:\DEV\Carpool-node-backend-app\src\middleware\auth.js:19:9)
    at Layer.handleRequest (E:\DEV\Carpool-node-backend-app\node_modules\router\lib\layer.js:152:17)
    at next (E:\DEV\Carpool-node-backend-app\node_modules\router\lib\route.js:157:13)
    at Route.dispatch (E:\DEV\Carpool-node-backend-app\node_modules\router\lib\route.js:117:3)
