[2026-07-20 18:06:59] ERROR: Unable to fetch
[2026-07-20 18:07:43] ERROR: Unable to fetch1
[2026-07-20 18:08:42] ERROR: Error: Test database connection failure!
    at exports.getAllUsers (E:\DEV\Carpool-node-backend-app\src\controllers\admin\UserManagement.js:5:11)
    at Layer.handleRequest (E:\DEV\Carpool-node-backend-app\node_modules\router\lib\layer.js:152:17)
    at next (E:\DEV\Carpool-node-backend-app\node_modules\router\lib\route.js:157:13)
    at isAdmin (E:\DEV\Carpool-node-backend-app\src\middleware\admin.js:8:5)
    at Layer.handleRequest (E:\DEV\Carpool-node-backend-app\node_modules\router\lib\layer.js:152:17)
    at next (E:\DEV\Carpool-node-backend-app\node_modules\router\lib\route.js:157:13)
    at module.exports (E:\DEV\Carpool-node-backend-app\src\middleware\auth.js:21:9)
    at Layer.handleRequest (E:\DEV\Carpool-node-backend-app\node_modules\router\lib\layer.js:152:17)
    at next (E:\DEV\Carpool-node-backend-app\node_modules\router\lib\route.js:157:13)
    at Route.dispatch (E:\DEV\Carpool-node-backend-app\node_modules\router\lib\route.js:117:3)
[2026-07-20 18:25:53] ERROR: Error: Test Error
    at exports.getAllUsers (E:\DEV\Carpool-node-backend-app\src\controllers\admin\UserManagement.js:5:11)
    at Layer.handleRequest (E:\DEV\Carpool-node-backend-app\node_modules\router\lib\layer.js:152:17)
    at next (E:\DEV\Carpool-node-backend-app\node_modules\router\lib\route.js:157:13)
    at isAdmin (E:\DEV\Carpool-node-backend-app\src\middleware\admin.js:8:5)
    at Layer.handleRequest (E:\DEV\Carpool-node-backend-app\node_modules\router\lib\layer.js:152:17)
    at next (E:\DEV\Carpool-node-backend-app\node_modules\router\lib\route.js:157:13)
    at module.exports (E:\DEV\Carpool-node-backend-app\src\middleware\auth.js:21:9)
    at Layer.handleRequest (E:\DEV\Carpool-node-backend-app\node_modules\router\lib\layer.js:152:17)
    at next (E:\DEV\Carpool-node-backend-app\node_modules\router\lib\route.js:157:13)
    at Route.dispatch (E:\DEV\Carpool-node-backend-app\node_modules\router\lib\route.js:117:3)

